// Vitest Snapshot v1, https://vitest.dev/guide/snapshot.html

exports[`BusinessBanner.vue tests > renders correctly (snapshot) 1`] = `
"<div class="flex items-center justify-center bg-green-900 px-2 py-4"><img width="100" height="100" src="https://place-hold.it/100x100" alt="placheholder text">
  <div class="mx-5">
    <p class="text-2xl text-white">Маєш бізнес?</p>
    <p class="text-l text-white">Переглянь актуальні пропозиції для бізнесу</p>
  </div><!-- TODO: optimize -->
  <div class="button-wrapper">
    <div class="transform cursor-pointer rounded-lg bg-yellow-500 px-4 py-2 text-lg transition duration-500 ease-in-out hover:bg-yellow-600 active:scale-95" style="color: rgb(255, 255, 255);">Деталі</div>
    <!--v-if-->
  </div>
</div>"
`;
