// Vitest Snapshot v1, https://vitest.dev/guide/snapshot.html

exports[`SocialsBlock.vue tests > basic tests 1`] = `
"<div class="justify-center bg-amber-700 px-2 py-4 text-center"><img src="https://place-hold.it/100x100" class="mx-auto">
  <p class="text-l py-7 text-white"> Lorem, ipsum dolor sit amet consectetur adipisicing elit. Quod cumque rem aperiam dolores perspiciatis laudantium deleniti id? Quam, enim rerum. Doloribus officiis maiores accusantium vero a voluptates tempore quae. Ipsam qui incidunt sunt? Dolores labore qui maxime explicabo quaerat deleniti debitis ea adipisci, perferendis veniam soluta, nemo nihil illum sit. </p>
  <div class="flex justify-center">
    <!-- TODO: optimize -->
    <div class="button-wrapper px-2" data-test-id="socials-button">
      <!--v-if-->
      <div class="transform cursor-pointer text-lg transition duration-500 ease-in-out hover:underline active:scale-95" style="color: rgb(255, 255, 255);">Instagram</div>
    </div><!-- TODO: optimize -->
    <div class="button-wrapper px-2" data-test-id="socials-button">
      <!--v-if-->
      <div class="transform cursor-pointer text-lg transition duration-500 ease-in-out hover:underline active:scale-95" style="color: rgb(255, 255, 255);">Facebook</div>
    </div><!-- TODO: optimize -->
    <div class="button-wrapper px-2" data-test-id="socials-button">
      <!--v-if-->
      <div class="transform cursor-pointer text-lg transition duration-500 ease-in-out hover:underline active:scale-95" style="color: rgb(255, 255, 255);">Threads</div>
    </div>
  </div>
</div>"
`;
