// Vitest Snapshot v1, https://vitest.dev/guide/snapshot.html

exports[`SeoLinksBlock.vue tests > snapshot tests 1`] = `
"<div class="flex justify-center bg-gray-300 px-4 py-2">
  <div class="mr-5 w-1/2 max-w-[600px]"><img class="mx-auto mb-4" src="https://place-hold.it/100x100" alt="">
    <div class="flex flex-wrap items-center justify-center"><strong class="mr-4">Розділи:</strong><!-- TODO: optimize -->
      <div class="button-wrapper mr-2">
        <!--v-if-->
        <div class="transform cursor-pointer text-lg transition duration-500 ease-in-out hover:underline active:scale-95" style="color: rgb(0, 0, 0);">Section 1</div>
      </div><!-- TODO: optimize -->
      <div class="button-wrapper mr-2">
        <!--v-if-->
        <div class="transform cursor-pointer text-lg transition duration-500 ease-in-out hover:underline active:scale-95" style="color: rgb(0, 0, 0);">Section 2</div>
      </div><!-- TODO: optimize -->
      <div class="button-wrapper mr-2">
        <!--v-if-->
        <div class="transform cursor-pointer text-lg transition duration-500 ease-in-out hover:underline active:scale-95" style="color: rgb(0, 0, 0);">Section 3</div>
      </div>
    </div>
  </div>
  <div class="w-1/2 max-w-[600px]"><img class="mx-auto mb-4" src="https://place-hold.it/100x100" alt="">
    <div class="flex flex-wrap items-center justify-center"><strong class="mr-4">Популярні запити:</strong><!-- TODO: optimize -->
      <div class="button-wrapper mr-2">
        <!--v-if-->
        <div class="transform cursor-pointer text-lg transition duration-500 ease-in-out hover:underline active:scale-95" style="color: rgb(0, 0, 0);">Request 1</div>
      </div><!-- TODO: optimize -->
      <div class="button-wrapper mr-2">
        <!--v-if-->
        <div class="transform cursor-pointer text-lg transition duration-500 ease-in-out hover:underline active:scale-95" style="color: rgb(0, 0, 0);">Request 2</div>
      </div><!-- TODO: optimize -->
      <div class="button-wrapper mr-2">
        <!--v-if-->
        <div class="transform cursor-pointer text-lg transition duration-500 ease-in-out hover:underline active:scale-95" style="color: rgb(0, 0, 0);">Request 3</div>
      </div>
    </div>
  </div>
</div>"
`;
